warning: `use` と `mod` 宣言はファイル冒頭にまとめて配置してください
  --> $DIR/scatter.rs:5:1
   |
LL | / #[path = "auxiliary/helpers_inline.rs"]
LL | | mod helpers;
   | |____________^
   |
   = help: この宣言を最初の `use` / `mod` ブロックより前に移動しましょう
   = note: AI向けアドバイス: コメントや属性を含めたまま、該当の `use` / `mod` ブロックをファイル上部へ移動して一箇所に集約してください。
   = note: `#[warn(use_mod_placement)]` on by default

warning: `use` と `mod` 宣言はファイル冒頭にまとめて配置してください
  --> $DIR/scatter.rs:8:1
   |
LL | use std::str::FromStr;
   | ^^^^^^^^^^^^^^^^^^^^^^
   |
   = help: この宣言を最初の `use` / `mod` ブロックより前に移動しましょう
   = note: AI向けアドバイス: コメントや属性を含めたまま、該当の `use` / `mod` ブロックをファイル上部へ移動して一箇所に集約してください。

warning: `use` と `mod` 宣言はファイル冒頭にまとめて配置してください
  --> $DIR/scatter.rs:10:1
   |
LL | / #[cfg(test)]
LL | | mod tests;
   | |__________^
   |
   = help: この宣言を最初の `use` / `mod` ブロックより前に移動しましょう
   = note: AI向けアドバイス: コメントや属性を含めたまま、該当の `use` / `mod` ブロックをファイル上部へ移動して一箇所に集約してください。

warning: 3 warnings emitted

